Running Gradle task 'assembleRelease'...                        

FAILURE: Build failed with an exception.

* What went wrong:
A problem occurred configuring project ':flutter_local_notifications'.
> Could not resolve all artifacts for configuration 'classpath'.
   > Could not download protos-30.3.1.jar (com.android.tools.analytics-library:protos:30.3.1)
      > Could not get resource 'https://dl.google.com/dl/android/maven2/com/android/tools/analytics-library/protos/30.3.1/protos-30.3.1.jar'.
         > Read timed out
> Failed to notify project evaluation listener.
   > java.lang.NullPointerException (no error message)
   > java.lang.NullPointerException (no error message)

* Try:
> Run with --stacktrace option to get the stack trace.
> Run with --info or --debug option to get more log output.
> Run with --scan to get full insights.
> Get more help at https://help.gradle.org.

BUILD FAILED in 14m 34s
Running Gradle task 'assembleRelease'...                          879,9s
[!] Gradle threw an error while downloading artifacts from the network.
Retrying Gradle Build: #1, wait time: 100ms
Running Gradle task 'assembleRelease'...                        